<html>
<body>
<pre>
<h1>µVision Build Log</h1>
<h2>Tool Versions:</h2>
IDE-Version: µVision V5.39.0.0
Copyright (C) 2023 ARM Ltd and ARM Germany GmbH. All rights reserved.
License Information: Aragya Goyal, University of Pittsburgh, LIC=----
 
Tool Versions:
Toolchain:       MDK-Lite  Version: 5.39.0.0
Toolchain Path:  C:\Keil_v5\ARM\ARMCLANG\Bin
C Compiler:      ArmClang.exe V6.21
Assembler:       Armasm.exe V6.21
Linker/Locator:  ArmLink.exe V6.21
Library Manager: ArmAr.exe V6.21
Hex Converter:   FromElf.exe V6.21
CPU DLL:         SARMCM3.DLL V5.39.0.0
Dialog DLL:      DCM.DLL V1.17.5.0
Target DLL:      STLink\ST-LINKIII-KEIL_SWO.dll V3.2.0.0
Dialog DLL:      TCM.DLL V1.56.4.0
 
<h2>Project:</h2>
C:\Users\agoya\Documents\202 Labs\ElevatorRedo\ElevatorRedo.uvprojx
Project File Date:  04/19/2024

<h2>Output:</h2>
*** Using Compiler 'V6.21', folder: 'C:\Keil_v5\ARM\ARMCLANG\Bin'
Rebuild target 'Target 1'
assembling startup_stm32l476xx.s...
assembling main.s...
SysClock.c(1): warning: In file included from...
./SysClock.h(4): warning: In file included from...
C:/Users/agoya/AppData/Local/Arm/Packs/Keil/STM32L4xx_DFP/2.6.2/Drivers/CMSIS/Device/ST/STM32L4xx/Include\stm32l476xx.h(10): warning: invalid UTF-8 in comment [-Winvalid-utf8]
   10 |   *           - Macros to access peripheral<92>s registers hardware
      |                                            ^
1 warning generated.
compiling SysClock.c...
assembling Floor3.s...
UART.c(1): warning: In file included from...
./UART.h(4): warning: In file included from...
C:/Users/agoya/AppData/Local/Arm/Packs/Keil/STM32L4xx_DFP/2.6.2/Drivers/CMSIS/Device/ST/STM32L4xx/Include\stm32l476xx.h(10): warning: invalid UTF-8 in comment [-Winvalid-utf8]
   10 |   *           - Macros to access peripheral<92>s registers hardware
      |                                            ^
UART.c(17): warning: implicit conversion changes signedness: 'int' to 'uint32_t' (aka 'unsigned int') [-Wsign-conversion]
   17 |         SysTick -> CTRL &= ~(0x2);
      |                         ~~ ^~~~~~
UART.c(20): warning: implicit conversion changes signedness: 'int' to 'uint32_t' (aka 'unsigned int') [-Wsign-conversion]
   20 |         SysTick -> LOAD &= ~(0xFFFFFF);
      |                         ~~ ^~~~~~~~~~~
UART.c(24): warning: implicit conversion changes signedness: 'int' to 'uint32_t' (aka 'unsigned int') [-Wsign-conversion]
   24 |         SysTick -> VAL &= ~(0xFFFFFF);
      |                        ~~ ^~~~~~~~~~~
UART.c(66): warning: implicit conversion changes signedness: 'int' to 'uint32_t' (aka 'unsigned int') [-Wsign-conversion]
   66 |         GPIOA->MODER   &= ~(3<<(2*TX_PIN) | 3<<(2*RX_PIN));     // Clear bits
      |                        ~~ ^~~~~~~~~~~~~~~~~~~~~~~~~~~~~~~~
UART.c(68): warning: implicit conversion changes signedness: 'int' to 'uint32_t' (aka 'unsigned int') [-Wsign-conversion]
   68 |         GPIOA->AFR[0]  &= ~(0xF<<(4*TX_PIN) | 0xF<<(4*RX_PIN)); 
      |                        ~~ ^~~~~~~~~~~~~~~~~~~~~~~~~~~~~~~~~~~~
UART.c(73): warning: implicit conversion changes signedness: 'int' to 'uint32_t' (aka 'unsigned int') [-Wsign-conversion]
   73 |         GPIOA->PUPDR   &= ~(3<<(2*TX_PIN) | 3<<(2*RX_PIN));
      |                        ~~ ^~~~~~~~~~~~~~~~~~~~~~~~~~~~~~~~
UART.c(75): warning: implicit conversion changes signedness: 'int' to 'uint32_t' (aka 'unsigned int') [-Wsign-conversion]
   75 |         GPIOA->OTYPER  &=  ~(1<<TX_PIN | 1<<RX_PIN);            
      |                        ~~  ^~~~~~~~~~~~~~~~~~~~~~~~
UART.c(140): warning: comparison of integers of different signs: 'int' and 'uint32_t' (aka 'unsigned int') [-Wsign-compare]
  140 |         for (i = 0; i < nBytes; i++) {
      |                     ~ ^ ~~~~~~
UART.c(163): warning: implicit conversion loses integer precision: 'volatile uint16_t' (aka 'volatile unsigned short') to 'uint8_t' (aka 'unsigned char') [-Wimplicit-int-conversion]
  163 |                 buffer[*pRx_counter] = USARTx->RDR;         // Reading USART_DR automatically clears the RXNE flag 
      |                                      ~ ~~~~~~~~^~~
UART.c(143): warning: unsafe buffer access [-Wunsafe-buffer-usage]
  143 |                 USARTx->TDR = buffer[i] & 0xFF;
      |                               ^~~~~~
UART.c(163): warning: unsafe buffer access [-Wunsafe-buffer-usage]
  163 |                 buffer[*pRx_counter] = USARTx->RDR;         // Reading USART_DR automatically clears the RXNE flag 
      |                 ^~~~~~
12 warnings generated.
compiling UART.c...
assembling core_cm4_constants.s...
assembling Floor1.s...
"hexUpdate.s", line 97: Warning: A1581W: Added 2 bytes of padding at address 0xb6
   97 000000b8  END
0 Errors, 1 Warning
assembling hexUpdate.s...
assembling Floor4.s...
assembling keypadScan.s...
assembling Floors.s...
assembling lightUpdate.s...
"MotorUp.s", line 95: Warning: A1581W: Added 2 bytes of padding at address 0xda
   95 000000dc  END
0 Errors, 1 Warning
assembling MotorUp.s...
assembling Floor2.s...
"MotorDown.s", line 97: Warning: A1581W: Added 2 bytes of padding at address 0xda
   97 000000dc  END
0 Errors, 1 Warning
assembling MotorDown.s...
assembling stm32l476xx_constants.s...
"DoorOpen.s", line 115: Warning: A1581W: Added 2 bytes of padding at address 0xfe
  115 00000100  END
0 Errors, 1 Warning
assembling DoorOpen.s...
assembling Parse.s...
"DoorClose.s", line 115: Warning: A1581W: Added 2 bytes of padding at address 0xfe
  115 00000100  END
0 Errors, 1 Warning
assembling DoorClose.s...
linking...
.\Objects\ElevatorRedo.axf: Warning: L6305W: Image does not have an entry point. (Not specified or not set due to multiple choices.)
.\Objects\ElevatorRedo.sct(8): warning: L6314W: No section matches pattern *(InRoot$$Sections).
Program Size: Code=4196 RO-data=392 RW-data=0 ZI-data=1536  
Finished: 0 information, 2 warning and 0 error messages.
FromELF: creating hex file...
".\Objects\ElevatorRedo.axf" - 0 Error(s), 15 Warning(s).

<h2>Software Packages used:</h2>

Package Vendor: ARM
                http://www.keil.com/pack/ARM.CMSIS.5.9.0.pack
                ARM::CMSIS@5.9.0
                CMSIS (Common Microcontroller Software Interface Standard)
   * Component: CORE Version: 5.6.0

Package Vendor: Keil
                https://www.keil.com/pack/Keil.STM32L4xx_DFP.2.6.2.pack
                Keil::STM32L4xx_DFP@2.6.2
                STMicroelectronics STM32L4 Series Device Support, Drivers and Examples

<h2>Collection of Component include folders:</h2>
  ./RTE/_Target_1
  C:/Users/agoya/AppData/Local/Arm/Packs/ARM/CMSIS/5.9.0/CMSIS/Core/Include
  C:/Users/agoya/AppData/Local/Arm/Packs/Keil/STM32L4xx_DFP/2.6.2/Drivers/CMSIS/Device/ST/STM32L4xx/Include

<h2>Collection of Component Files used:</h2>

   * Component: ARM::CMSIS:CORE@5.6.0
Build Time Elapsed:  00:00:02
</pre>
</body>
</html>
