Component: Arm Compiler for Embedded 6.21 Tool: armlink [5ec1fa00]

==============================================================================

Section Cross References

    main.o(__DEFINES_STM32F4_CORE4_xx_DUMMY) refers (Special) to uart.o(.text.USART2_Write) for USART2_Write
    main.o(__DEFINES_STM32F4_CORE4_xx_DUMMY) refers (Special) to doorclose.o(doorClose) for door_close
    main.o(__DEFINES_STM32F4_CORE4_xx_DUMMY) refers (Special) to dooropen.o(doorOpen) for door_open
    main.o(__DEFINES_STM32F4_CORE4_xx_DUMMY) refers (Special) to keypadscan.o(keypadScan) for keypad_scan
    main.o(__DEFINES_STM32F4_CORE4_xx_DUMMY) refers (Special) to lightupdate.o(lightUpdate) for light_update
    main.o(__DEFINES_STM32F4_CORE4_xx_DUMMY) refers (Special) to motordown.o(motorDown) for motor_down
    main.o(__DEFINES_STM32F4_CORE4_xx_DUMMY) refers (Special) to motorup.o(motorUp) for motor_up
    main.o(__DEFINES_STM32L4_xx_DUMMY) refers (Special) to uart.o(.text.USART2_Write) for USART2_Write
    main.o(__DEFINES_STM32L4_xx_DUMMY) refers (Special) to doorclose.o(doorClose) for door_close
    main.o(__DEFINES_STM32L4_xx_DUMMY) refers (Special) to dooropen.o(doorOpen) for door_open
    main.o(__DEFINES_STM32L4_xx_DUMMY) refers (Special) to keypadscan.o(keypadScan) for keypad_scan
    main.o(__DEFINES_STM32L4_xx_DUMMY) refers (Special) to lightupdate.o(lightUpdate) for light_update
    main.o(__DEFINES_STM32L4_xx_DUMMY) refers (Special) to motordown.o(motorDown) for motor_down
    main.o(__DEFINES_STM32L4_xx_DUMMY) refers (Special) to motorup.o(motorUp) for motor_up
    main.o(main) refers (Special) to uart.o(.text.USART2_Write) for USART2_Write
    main.o(main) refers (Special) to doorclose.o(doorClose) for door_close
    main.o(main) refers (Special) to dooropen.o(doorOpen) for door_open
    main.o(main) refers (Special) to keypadscan.o(keypadScan) for keypad_scan
    main.o(main) refers (Special) to lightupdate.o(lightUpdate) for light_update
    main.o(main) refers (Special) to motordown.o(motorDown) for motor_down
    main.o(main) refers (Special) to motorup.o(motorUp) for motor_up
    main.o(main) refers to sysclock.o(.text.System_Clock_Init) for System_Clock_Init
    main.o(main) refers to uart.o(.text.UART2_Init) for UART2_Init
    main.o(main) refers to hexupdate.o(hexUpdate) for hex_update
    main.o(main) refers to floors.o(Floors) for floors
    main.o(main) refers to parse.o(Parse) for parser
    main.o(myData) refers (Special) to uart.o(.text.USART2_Write) for USART2_Write
    main.o(myData) refers (Special) to doorclose.o(doorClose) for door_close
    main.o(myData) refers (Special) to dooropen.o(doorOpen) for door_open
    main.o(myData) refers (Special) to keypadscan.o(keypadScan) for keypad_scan
    main.o(myData) refers (Special) to lightupdate.o(lightUpdate) for light_update
    main.o(myData) refers (Special) to motordown.o(motorDown) for motor_down
    main.o(myData) refers (Special) to motorup.o(motorUp) for motor_up
    startup_stm32l476xx.o(STACK) refers (Special) to heapauxi.o(.text) for __use_two_region_memory
    startup_stm32l476xx.o(HEAP) refers (Special) to heapauxi.o(.text) for __use_two_region_memory
    startup_stm32l476xx.o(RESET) refers (Special) to heapauxi.o(.text) for __use_two_region_memory
    startup_stm32l476xx.o(RESET) refers to startup_stm32l476xx.o(STACK) for __initial_sp
    startup_stm32l476xx.o(RESET) refers to startup_stm32l476xx.o(.text) for Reset_Handler
    startup_stm32l476xx.o(.text) refers (Special) to heapauxi.o(.text) for __use_two_region_memory
    startup_stm32l476xx.o(.text) refers to main.o(main) for __main
    startup_stm32l476xx.o(.text) refers to startup_stm32l476xx.o(HEAP) for Heap_Mem
    startup_stm32l476xx.o(.text) refers to startup_stm32l476xx.o(STACK) for Stack_Mem
    sysclock.o(.ARM.exidx.text.System_Clock_Init) refers to sysclock.o(.text.System_Clock_Init) for [Anonymous Symbol]
    uart.o(.text.config_NVIC_in_C) refers to uart.o(.text.__NVIC_EnableIRQ) for __NVIC_EnableIRQ
    uart.o(.text.config_NVIC_in_C) refers to uart.o(.text.__NVIC_SetPriority) for __NVIC_SetPriority
    uart.o(.ARM.exidx.text.config_NVIC_in_C) refers to uart.o(.text.config_NVIC_in_C) for [Anonymous Symbol]
    uart.o(.ARM.exidx.text.__NVIC_EnableIRQ) refers to uart.o(.text.__NVIC_EnableIRQ) for [Anonymous Symbol]
    uart.o(.ARM.exidx.text.__NVIC_SetPriority) refers to uart.o(.text.__NVIC_SetPriority) for [Anonymous Symbol]
    uart.o(.text.UART2_Init) refers to uart.o(.text.UART2_GPIO_Init) for UART2_GPIO_Init
    uart.o(.text.UART2_Init) refers to uart.o(.text.USART_Init) for USART_Init
    uart.o(.ARM.exidx.text.UART2_Init) refers to uart.o(.text.UART2_Init) for [Anonymous Symbol]
    uart.o(.ARM.exidx.text.UART2_GPIO_Init) refers to uart.o(.text.UART2_GPIO_Init) for [Anonymous Symbol]
    uart.o(.ARM.exidx.text.USART_Init) refers to uart.o(.text.USART_Init) for [Anonymous Symbol]
    uart.o(.ARM.exidx.text.USART_Read) refers to uart.o(.text.USART_Read) for [Anonymous Symbol]
    uart.o(.text.USART_Write) refers to uart.o(.text.USART_Delay) for USART_Delay
    uart.o(.ARM.exidx.text.USART_Write) refers to uart.o(.text.USART_Write) for [Anonymous Symbol]
    uart.o(.ARM.exidx.text.USART_Delay) refers to uart.o(.text.USART_Delay) for [Anonymous Symbol]
    uart.o(.text.USART2_Write) refers to uart.o(.text.USART_Write) for USART_Write
    uart.o(.ARM.exidx.text.USART2_Write) refers to uart.o(.text.USART2_Write) for [Anonymous Symbol]
    uart.o(.ARM.exidx.text.USART_IRQHandler) refers to uart.o(.text.USART_IRQHandler) for [Anonymous Symbol]
    hexupdate.o(__DEFINES_STM32F4_CORE4_xx_DUMMY) refers (Special) to uart.o(.text.USART2_Write) for USART2_Write
    hexupdate.o(__DEFINES_STM32L4_xx_DUMMY) refers (Special) to uart.o(.text.USART2_Write) for USART2_Write
    hexupdate.o(hexUpdate) refers (Special) to uart.o(.text.USART2_Write) for USART2_Write
    parse.o(__DEFINES_STM32F4_CORE4_xx_DUMMY) refers (Special) to keypadscan.o(keypadScan) for keypad_scan
    parse.o(__DEFINES_STM32L4_xx_DUMMY) refers (Special) to keypadscan.o(keypadScan) for keypad_scan
    parse.o(Parse) refers (Special) to keypadscan.o(keypadScan) for keypad_scan
    parse.o(Parse) refers to lightupdate.o(lightUpdate) for light_update
    floors.o(__DEFINES_STM32F4_CORE4_xx_DUMMY) refers (Special) to lightupdate.o(lightUpdate) for light_update
    floors.o(__DEFINES_STM32L4_xx_DUMMY) refers (Special) to lightupdate.o(lightUpdate) for light_update
    floors.o(Floors) refers (Special) to lightupdate.o(lightUpdate) for light_update
    floors.o(Floors) refers to floor1.o(Floor1) for floor_1
    floors.o(Floors) refers to floor4.o(Floor4) for floor_4
    floors.o(Floors) refers to floor3.o(Floor3) for floor_3
    floors.o(Floors) refers to floor2.o(Floor2) for floor_2
    floor4.o(Floor4) refers to motorup.o(motorUp) for motor_up
    floor4.o(Floor4) refers to hexupdate.o(hexUpdate) for hex_update
    floor4.o(Floor4) refers to lightupdate.o(lightUpdate) for light_update
    floor4.o(Floor4) refers to dooropen.o(doorOpen) for door_open
    floor4.o(Floor4) refers to doorclose.o(doorClose) for door_close
    floor3.o(Floor3) refers to motorup.o(motorUp) for motor_up
    floor3.o(Floor3) refers to hexupdate.o(hexUpdate) for hex_update
    floor3.o(Floor3) refers to motordown.o(motorDown) for motor_down
    floor3.o(Floor3) refers to lightupdate.o(lightUpdate) for light_update
    floor3.o(Floor3) refers to dooropen.o(doorOpen) for door_open
    floor3.o(Floor3) refers to doorclose.o(doorClose) for door_close
    floor2.o(Floor2) refers to motorup.o(motorUp) for motor_up
    floor2.o(Floor2) refers to hexupdate.o(hexUpdate) for hex_update
    floor2.o(Floor2) refers to motordown.o(motorDown) for motor_down
    floor2.o(Floor2) refers to lightupdate.o(lightUpdate) for light_update
    floor2.o(Floor2) refers to dooropen.o(doorOpen) for door_open
    floor2.o(Floor2) refers to doorclose.o(doorClose) for door_close
    floor1.o(__DEFINES_STM32F4_CORE4_xx_DUMMY) refers (Special) to motorup.o(motorUp) for motor_up
    floor1.o(__DEFINES_STM32L4_xx_DUMMY) refers (Special) to motorup.o(motorUp) for motor_up
    floor1.o(Floor1) refers (Special) to motorup.o(motorUp) for motor_up
    floor1.o(Floor1) refers to motordown.o(motorDown) for motor_down
    floor1.o(Floor1) refers to hexupdate.o(hexUpdate) for hex_update
    floor1.o(Floor1) refers to lightupdate.o(lightUpdate) for light_update
    floor1.o(Floor1) refers to dooropen.o(doorOpen) for door_open
    floor1.o(Floor1) refers to doorclose.o(doorClose) for door_close
    motorup.o(__DEFINES_STM32F4_CORE4_xx_DUMMY) refers (Special) to lightupdate.o(lightUpdate) for light_update
    motorup.o(__DEFINES_STM32L4_xx_DUMMY) refers (Special) to lightupdate.o(lightUpdate) for light_update
    motorup.o(motorUp) refers (Special) to lightupdate.o(lightUpdate) for light_update
    motordown.o(__DEFINES_STM32F4_CORE4_xx_DUMMY) refers (Special) to lightupdate.o(lightUpdate) for light_update
    motordown.o(__DEFINES_STM32L4_xx_DUMMY) refers (Special) to lightupdate.o(lightUpdate) for light_update
    motordown.o(motorDown) refers (Special) to lightupdate.o(lightUpdate) for light_update
    keypadscan.o(__DEFINES_STM32F4_CORE4_xx_DUMMY) refers (Special) to lightupdate.o(lightUpdate) for light_update
    keypadscan.o(__DEFINES_STM32L4_xx_DUMMY) refers (Special) to lightupdate.o(lightUpdate) for light_update
    keypadscan.o(keypadScan) refers (Special) to lightupdate.o(lightUpdate) for light_update
    dooropen.o(__DEFINES_STM32F4_CORE4_xx_DUMMY) refers (Special) to lightupdate.o(lightUpdate) for light_update
    dooropen.o(__DEFINES_STM32L4_xx_DUMMY) refers (Special) to lightupdate.o(lightUpdate) for light_update
    dooropen.o(doorOpen) refers (Special) to lightupdate.o(lightUpdate) for light_update
    doorclose.o(__DEFINES_STM32F4_CORE4_xx_DUMMY) refers (Special) to lightupdate.o(lightUpdate) for light_update
    doorclose.o(__DEFINES_STM32L4_xx_DUMMY) refers (Special) to lightupdate.o(lightUpdate) for light_update
    doorclose.o(doorClose) refers (Special) to lightupdate.o(lightUpdate) for light_update


==============================================================================

Removing Unused input sections from the image.

    Removing core_cm4_constants.o(__DEFINES_STM32F4_CORE4_xx_DUMMY), (0 bytes).
    Removing main.o(__DEFINES_STM32F4_CORE4_xx_DUMMY), (0 bytes).
    Removing main.o(__DEFINES_STM32L4_xx_DUMMY), (0 bytes).
    Removing main.o(myData), (9 bytes).
    Removing stm32l476xx_constants.o(__DEFINES_STM32L4_xx_DUMMY), (0 bytes).
    Removing sysclock.o(.text), (0 bytes).
    Removing sysclock.o(.ARM.exidx.text.System_Clock_Init), (8 bytes).
    Removing uart.o(.text), (0 bytes).
    Removing uart.o(.text.config_NVIC_in_C), (112 bytes).
    Removing uart.o(.ARM.exidx.text.config_NVIC_in_C), (8 bytes).
    Removing uart.o(.text.__NVIC_EnableIRQ), (48 bytes).
    Removing uart.o(.ARM.exidx.text.__NVIC_EnableIRQ), (8 bytes).
    Removing uart.o(.text.__NVIC_SetPriority), (66 bytes).
    Removing uart.o(.ARM.exidx.text.__NVIC_SetPriority), (8 bytes).
    Removing uart.o(.ARM.exidx.text.UART2_Init), (8 bytes).
    Removing uart.o(.ARM.exidx.text.UART2_GPIO_Init), (8 bytes).
    Removing uart.o(.ARM.exidx.text.USART_Init), (8 bytes).
    Removing uart.o(.text.USART_Read), (30 bytes).
    Removing uart.o(.ARM.exidx.text.USART_Read), (8 bytes).
    Removing uart.o(.ARM.exidx.text.USART_Write), (8 bytes).
    Removing uart.o(.ARM.exidx.text.USART_Delay), (8 bytes).
    Removing uart.o(.ARM.exidx.text.USART2_Write), (8 bytes).
    Removing uart.o(.text.USART_IRQHandler), (148 bytes).
    Removing uart.o(.ARM.exidx.text.USART_IRQHandler), (8 bytes).
    Removing hexupdate.o(__DEFINES_STM32F4_CORE4_xx_DUMMY), (0 bytes).
    Removing hexupdate.o(__DEFINES_STM32L4_xx_DUMMY), (0 bytes).
    Removing lightupdate.o(__DEFINES_STM32F4_CORE4_xx_DUMMY), (0 bytes).
    Removing lightupdate.o(__DEFINES_STM32L4_xx_DUMMY), (0 bytes).
    Removing parse.o(__DEFINES_STM32F4_CORE4_xx_DUMMY), (0 bytes).
    Removing parse.o(__DEFINES_STM32L4_xx_DUMMY), (0 bytes).
    Removing floors.o(__DEFINES_STM32F4_CORE4_xx_DUMMY), (0 bytes).
    Removing floors.o(__DEFINES_STM32L4_xx_DUMMY), (0 bytes).
    Removing floor4.o(__DEFINES_STM32F4_CORE4_xx_DUMMY), (0 bytes).
    Removing floor4.o(__DEFINES_STM32L4_xx_DUMMY), (0 bytes).
    Removing floor3.o(__DEFINES_STM32F4_CORE4_xx_DUMMY), (0 bytes).
    Removing floor3.o(__DEFINES_STM32L4_xx_DUMMY), (0 bytes).
    Removing floor2.o(__DEFINES_STM32F4_CORE4_xx_DUMMY), (0 bytes).
    Removing floor2.o(__DEFINES_STM32L4_xx_DUMMY), (0 bytes).
    Removing floor1.o(__DEFINES_STM32F4_CORE4_xx_DUMMY), (0 bytes).
    Removing floor1.o(__DEFINES_STM32L4_xx_DUMMY), (0 bytes).
    Removing motorup.o(__DEFINES_STM32F4_CORE4_xx_DUMMY), (0 bytes).
    Removing motorup.o(__DEFINES_STM32L4_xx_DUMMY), (0 bytes).
    Removing motordown.o(__DEFINES_STM32F4_CORE4_xx_DUMMY), (0 bytes).
    Removing motordown.o(__DEFINES_STM32L4_xx_DUMMY), (0 bytes).
    Removing keypadscan.o(__DEFINES_STM32F4_CORE4_xx_DUMMY), (0 bytes).
    Removing keypadscan.o(__DEFINES_STM32L4_xx_DUMMY), (0 bytes).
    Removing dooropen.o(__DEFINES_STM32F4_CORE4_xx_DUMMY), (0 bytes).
    Removing dooropen.o(__DEFINES_STM32L4_xx_DUMMY), (0 bytes).
    Removing doorclose.o(__DEFINES_STM32F4_CORE4_xx_DUMMY), (0 bytes).
    Removing doorclose.o(__DEFINES_STM32L4_xx_DUMMY), (0 bytes).

50 unused section(s) (total 509 bytes) removed from the image.

==============================================================================

Image Symbol Table

    Local Symbols

    Symbol Name                              Value     Ov Type        Size  Object(Section)

    ../clib/heapaux.c                        0x00000000   Number         0  heapauxi.o ABSOLUTE
    DoorClose.s                              0x00000000   Number         0  doorclose.o ABSOLUTE
    DoorOpen.s                               0x00000000   Number         0  dooropen.o ABSOLUTE
    Floor1.s                                 0x00000000   Number         0  floor1.o ABSOLUTE
    Floor2.s                                 0x00000000   Number         0  floor2.o ABSOLUTE
    Floor3.s                                 0x00000000   Number         0  floor3.o ABSOLUTE
    Floor4.s                                 0x00000000   Number         0  floor4.o ABSOLUTE
    Floors.s                                 0x00000000   Number         0  floors.o ABSOLUTE
    MotorDown.s                              0x00000000   Number         0  motordown.o ABSOLUTE
    MotorUp.s                                0x00000000   Number         0  motorup.o ABSOLUTE
    Parse.s                                  0x00000000   Number         0  parse.o ABSOLUTE
    SysClock.c                               0x00000000   Number         0  sysclock.o ABSOLUTE
    UART.c                                   0x00000000   Number         0  uart.o ABSOLUTE
    core_cm4_constants.s                     0x00000000   Number         0  core_cm4_constants.o ABSOLUTE
    dc.s                                     0x00000000   Number         0  dc.o ABSOLUTE
    hexUpdate.s                              0x00000000   Number         0  hexupdate.o ABSOLUTE
    keypadScan.s                             0x00000000   Number         0  keypadscan.o ABSOLUTE
    lightUpdate.s                            0x00000000   Number         0  lightupdate.o ABSOLUTE
    main.s                                   0x00000000   Number         0  main.o ABSOLUTE
    startup_stm32l476xx.s                    0x00000000   Number         0  startup_stm32l476xx.o ABSOLUTE
    stm32l476xx_constants.s                  0x00000000   Number         0  stm32l476xx_constants.o ABSOLUTE
    RESET                                    0x08000000   Section      392  startup_stm32l476xx.o(RESET)
    $v0                                      0x08000188   Number         0  startup_stm32l476xx.o(.text)
    .text                                    0x08000188   Section      132  startup_stm32l476xx.o(.text)
    .text                                    0x0800020c   Section        0  heapauxi.o(.text)
    [Anonymous Symbol]                       0x08000214   Section        0  sysclock.o(.text.System_Clock_Init)
    [Anonymous Symbol]                       0x080003e8   Section        0  uart.o(.text.UART2_GPIO_Init)
    [Anonymous Symbol]                       0x08000450   Section        0  uart.o(.text.UART2_Init)
    [Anonymous Symbol]                       0x0800048c   Section        0  uart.o(.text.USART2_Write)
    [Anonymous Symbol]                       0x080004a8   Section        0  uart.o(.text.USART_Delay)
    [Anonymous Symbol]                       0x080004dc   Section        0  uart.o(.text.USART_Init)
    [Anonymous Symbol]                       0x080005cc   Section        0  uart.o(.text.USART_Write)
    $v0                                      0x08000630   Number         0  floor1.o(Floor1)
    Floor1                                   0x08000630   Section      152  floor1.o(Floor1)
    $v0                                      0x080006c8   Number         0  floor2.o(Floor2)
    Floor2                                   0x080006c8   Section      128  floor2.o(Floor2)
    $v0                                      0x08000748   Number         0  floor3.o(Floor3)
    Floor3                                   0x08000748   Section      128  floor3.o(Floor3)
    $v0                                      0x080007c8   Number         0  floor4.o(Floor4)
    Floor4                                   0x080007c8   Section      152  floor4.o(Floor4)
    $v0                                      0x08000860   Number         0  floors.o(Floors)
    Floors                                   0x08000860   Section       58  floors.o(Floors)
    $v0                                      0x0800089c   Number         0  parse.o(Parse)
    Parse                                    0x0800089c   Section      120  parse.o(Parse)
    $v0                                      0x08000914   Number         0  doorclose.o(doorClose)
    doorClose                                0x08000914   Section      264  doorclose.o(doorClose)
    $v0                                      0x08000a1c   Number         0  dooropen.o(doorOpen)
    doorOpen                                 0x08000a1c   Section      264  dooropen.o(doorOpen)
    $v0                                      0x08000b24   Number         0  hexupdate.o(hexUpdate)
    hexUpdate                                0x08000b24   Section      192  hexupdate.o(hexUpdate)
    $v0                                      0x08000be4   Number         0  keypadscan.o(keypadScan)
    keypadScan                               0x08000be4   Section      600  keypadscan.o(keypadScan)
    $v0                                      0x08000e3c   Number         0  lightupdate.o(lightUpdate)
    lightUpdate                              0x08000e3c   Section       96  lightupdate.o(lightUpdate)
    $v0                                      0x08000e9c   Number         0  main.o(main)
    main                                     0x08000e9c   Section      452  main.o(main)
    $v0                                      0x08001060   Number         0  motordown.o(motorDown)
    motorDown                                0x08001060   Section      224  motordown.o(motorDown)
    $v0                                      0x08001140   Number         0  motorup.o(motorUp)
    motorUp                                  0x08001140   Section      224  motorup.o(motorUp)
    Heap_Mem                                 0x20000000   Data         512  startup_stm32l476xx.o(HEAP)
    HEAP                                     0x20000000   Section      512  startup_stm32l476xx.o(HEAP)
    Stack_Mem                                0x20000200   Data        1024  startup_stm32l476xx.o(STACK)
    STACK                                    0x20000200   Section     1024  startup_stm32l476xx.o(STACK)
    __initial_sp                             0x20000600   Data           0  startup_stm32l476xx.o(STACK)

    Global Symbols

    Symbol Name                              Value     Ov Type        Size  Object(Section)

    BuildAttributes$$THM_ISAv4$E$P$D$K$B$S$7EM$VFPi3$EXTD16$VFPS$VFMA$PE$A:L22UL41UL21$X:L11$S22US41US21$IEEE1$IW$~IW$USESV6$~STKCKD$USESV7$~SHL$OSPACE$ROPI$EBA8$STANDARDLIB$REQ8$EABIv2 0x00000000   Number         0  anon$$obj.o ABSOLUTE
    Image$$ER_IROM1$$RW$$Length              0x00000000   Number         0  anon$$obj.o ABSOLUTE
    Image$$ER_IROM1$$ZI$$Length              0x00000000   Number         0  anon$$obj.o ABSOLUTE
    Image$$RW_IRAM1$$Length                  0x00000000   Number         0  anon$$obj.o ABSOLUTE
    Image$$RW_IRAM1$$RO$$Length              0x00000000   Number         0  anon$$obj.o ABSOLUTE
    Image$$RW_IRAM1$$RW$$Length              0x00000000   Number         0  anon$$obj.o ABSOLUTE
    __Vectors_Size                           0x00000188   Number         0  startup_stm32l476xx.o ABSOLUTE
    Image$$RW_IRAM1$$ZI$$Length              0x00000600   Number         0  anon$$obj.o ABSOLUTE
    Image$$ER_IROM1$$RO$$Length              0x00001220   Number         0  anon$$obj.o ABSOLUTE
    Image$$ER_IROM1$$RO$$Base                0x08000000   Number         0  anon$$obj.o ABSOLUTE
    Load$$ER_IROM1$$Base                     0x08000000   Number         0  anon$$obj.o ABSOLUTE
    __Vectors                                0x08000000   Data           4  startup_stm32l476xx.o(RESET)
    Reset_Handler                            0x08000189   Thumb Code    60  startup_stm32l476xx.o(.text)
    __Vectors_End                            0x08000188   Data           0  startup_stm32l476xx.o(RESET)
    NMI_Handler                              0x080001c5   Thumb Code     2  startup_stm32l476xx.o(.text)
    HardFault_Handler                        0x080001c7   Thumb Code     2  startup_stm32l476xx.o(.text)
    MemManage_Handler                        0x080001c9   Thumb Code     2  startup_stm32l476xx.o(.text)
    BusFault_Handler                         0x080001cb   Thumb Code     2  startup_stm32l476xx.o(.text)
    UsageFault_Handler                       0x080001cd   Thumb Code     2  startup_stm32l476xx.o(.text)
    SVC_Handler                              0x080001cf   Thumb Code     2  startup_stm32l476xx.o(.text)
    DebugMon_Handler                         0x080001d1   Thumb Code     2  startup_stm32l476xx.o(.text)
    PendSV_Handler                           0x080001d3   Thumb Code     2  startup_stm32l476xx.o(.text)
    SysTick_Handler                          0x080001d5   Thumb Code     2  startup_stm32l476xx.o(.text)
    ADC1_2_IRQHandler                        0x080001d7   Thumb Code     0  startup_stm32l476xx.o(.text)
    ADC3_IRQHandler                          0x080001d7   Thumb Code     0  startup_stm32l476xx.o(.text)
    CAN1_RX0_IRQHandler                      0x080001d7   Thumb Code     0  startup_stm32l476xx.o(.text)
    CAN1_RX1_IRQHandler                      0x080001d7   Thumb Code     0  startup_stm32l476xx.o(.text)
    CAN1_SCE_IRQHandler                      0x080001d7   Thumb Code     0  startup_stm32l476xx.o(.text)
    CAN1_TX_IRQHandler                       0x080001d7   Thumb Code     0  startup_stm32l476xx.o(.text)
    COMP_IRQHandler                          0x080001d7   Thumb Code     0  startup_stm32l476xx.o(.text)
    DFSDM0_IRQHandler                        0x080001d7   Thumb Code     0  startup_stm32l476xx.o(.text)
    DFSDM1_IRQHandler                        0x080001d7   Thumb Code     0  startup_stm32l476xx.o(.text)
    DFSDM2_IRQHandler                        0x080001d7   Thumb Code     0  startup_stm32l476xx.o(.text)
    DFSDM3_IRQHandler                        0x080001d7   Thumb Code     0  startup_stm32l476xx.o(.text)
    DMA1_Channel1_IRQHandler                 0x080001d7   Thumb Code     0  startup_stm32l476xx.o(.text)
    DMA1_Channel2_IRQHandler                 0x080001d7   Thumb Code     0  startup_stm32l476xx.o(.text)
    DMA1_Channel3_IRQHandler                 0x080001d7   Thumb Code     0  startup_stm32l476xx.o(.text)
    DMA1_Channel4_IRQHandler                 0x080001d7   Thumb Code     0  startup_stm32l476xx.o(.text)
    DMA1_Channel5_IRQHandler                 0x080001d7   Thumb Code     0  startup_stm32l476xx.o(.text)
    DMA1_Channel6_IRQHandler                 0x080001d7   Thumb Code     0  startup_stm32l476xx.o(.text)
    DMA1_Channel7_IRQHandler                 0x080001d7   Thumb Code     0  startup_stm32l476xx.o(.text)
    DMA2_Channel1_IRQHandler                 0x080001d7   Thumb Code     0  startup_stm32l476xx.o(.text)
    DMA2_Channel2_IRQHandler                 0x080001d7   Thumb Code     0  startup_stm32l476xx.o(.text)
    DMA2_Channel3_IRQHandler                 0x080001d7   Thumb Code     0  startup_stm32l476xx.o(.text)
    DMA2_Channel4_IRQHandler                 0x080001d7   Thumb Code     0  startup_stm32l476xx.o(.text)
    DMA2_Channel5_IRQHandler                 0x080001d7   Thumb Code     0  startup_stm32l476xx.o(.text)
    DMA2_Channel6_IRQHandler                 0x080001d7   Thumb Code     0  startup_stm32l476xx.o(.text)
    DMA2_Channel7_IRQHandler                 0x080001d7   Thumb Code     0  startup_stm32l476xx.o(.text)
    EXTI0_IRQHandler                         0x080001d7   Thumb Code     0  startup_stm32l476xx.o(.text)
    EXTI15_10_IRQHandler                     0x080001d7   Thumb Code     0  startup_stm32l476xx.o(.text)
    EXTI1_IRQHandler                         0x080001d7   Thumb Code     0  startup_stm32l476xx.o(.text)
    EXTI2_IRQHandler                         0x080001d7   Thumb Code     0  startup_stm32l476xx.o(.text)
    EXTI3_IRQHandler                         0x080001d7   Thumb Code     0  startup_stm32l476xx.o(.text)
    EXTI4_IRQHandler                         0x080001d7   Thumb Code     0  startup_stm32l476xx.o(.text)
    EXTI9_5_IRQHandler                       0x080001d7   Thumb Code     0  startup_stm32l476xx.o(.text)
    FLASH_IRQHandler                         0x080001d7   Thumb Code     0  startup_stm32l476xx.o(.text)
    FMC_IRQHandler                           0x080001d7   Thumb Code     0  startup_stm32l476xx.o(.text)
    FPU_IRQHandler                           0x080001d7   Thumb Code     0  startup_stm32l476xx.o(.text)
    I2C1_ER_IRQHandler                       0x080001d7   Thumb Code     0  startup_stm32l476xx.o(.text)
    I2C1_EV_IRQHandler                       0x080001d7   Thumb Code     0  startup_stm32l476xx.o(.text)
    I2C2_ER_IRQHandler                       0x080001d7   Thumb Code     0  startup_stm32l476xx.o(.text)
    I2C2_EV_IRQHandler                       0x080001d7   Thumb Code     0  startup_stm32l476xx.o(.text)
    I2C3_ER_IRQHandler                       0x080001d7   Thumb Code     0  startup_stm32l476xx.o(.text)
    I2C3_EV_IRQHandler                       0x080001d7   Thumb Code     0  startup_stm32l476xx.o(.text)
    LCD_IRQHandler                           0x080001d7   Thumb Code     0  startup_stm32l476xx.o(.text)
    LPTIM1_IRQHandler                        0x080001d7   Thumb Code     0  startup_stm32l476xx.o(.text)
    LPTIM2_IRQHandler                        0x080001d7   Thumb Code     0  startup_stm32l476xx.o(.text)
    LPUART1_IRQHandler                       0x080001d7   Thumb Code     0  startup_stm32l476xx.o(.text)
    OTG_FS_IRQHandler                        0x080001d7   Thumb Code     0  startup_stm32l476xx.o(.text)
    PVD_PVM_IRQHandler                       0x080001d7   Thumb Code     0  startup_stm32l476xx.o(.text)
    QUADSPI_IRQHandler                       0x080001d7   Thumb Code     0  startup_stm32l476xx.o(.text)
    RCC_IRQHandler                           0x080001d7   Thumb Code     0  startup_stm32l476xx.o(.text)
    RNG_IRQHandler                           0x080001d7   Thumb Code     0  startup_stm32l476xx.o(.text)
    RTC_Alarm_IRQHandler                     0x080001d7   Thumb Code     0  startup_stm32l476xx.o(.text)
    RTC_WKUP_IRQHandler                      0x080001d7   Thumb Code     0  startup_stm32l476xx.o(.text)
    SAI1_IRQHandler                          0x080001d7   Thumb Code     0  startup_stm32l476xx.o(.text)
    SAI2_IRQHandler                          0x080001d7   Thumb Code     0  startup_stm32l476xx.o(.text)
    SDMMC1_IRQHandler                        0x080001d7   Thumb Code     0  startup_stm32l476xx.o(.text)
    SPI1_IRQHandler                          0x080001d7   Thumb Code     0  startup_stm32l476xx.o(.text)
    SPI2_IRQHandler                          0x080001d7   Thumb Code     0  startup_stm32l476xx.o(.text)
    SPI3_IRQHandler                          0x080001d7   Thumb Code     0  startup_stm32l476xx.o(.text)
    SWPMI1_IRQHandler                        0x080001d7   Thumb Code     0  startup_stm32l476xx.o(.text)
    TAMP_STAMP_IRQHandler                    0x080001d7   Thumb Code     0  startup_stm32l476xx.o(.text)
    TIM1_BRK_TIM15_IRQHandler                0x080001d7   Thumb Code     0  startup_stm32l476xx.o(.text)
    TIM1_CC_IRQHandler                       0x080001d7   Thumb Code     0  startup_stm32l476xx.o(.text)
    TIM1_TRG_COM_TIM17_IRQHandler            0x080001d7   Thumb Code     0  startup_stm32l476xx.o(.text)
    TIM1_UP_TIM16_IRQHandler                 0x080001d7   Thumb Code     0  startup_stm32l476xx.o(.text)
    TIM2_IRQHandler                          0x080001d7   Thumb Code     0  startup_stm32l476xx.o(.text)
    TIM3_IRQHandler                          0x080001d7   Thumb Code     0  startup_stm32l476xx.o(.text)
    TIM4_IRQHandler                          0x080001d7   Thumb Code     0  startup_stm32l476xx.o(.text)
    TIM5_IRQHandler                          0x080001d7   Thumb Code     0  startup_stm32l476xx.o(.text)
    TIM6_DAC_IRQHandler                      0x080001d7   Thumb Code     0  startup_stm32l476xx.o(.text)
    TIM7_IRQHandler                          0x080001d7   Thumb Code     0  startup_stm32l476xx.o(.text)
    TIM8_BRK_IRQHandler                      0x080001d7   Thumb Code     0  startup_stm32l476xx.o(.text)
    TIM8_CC_IRQHandler                       0x080001d7   Thumb Code     0  startup_stm32l476xx.o(.text)
    TIM8_TRG_COM_IRQHandler                  0x080001d7   Thumb Code     0  startup_stm32l476xx.o(.text)
    TIM8_UP_IRQHandler                       0x080001d7   Thumb Code     0  startup_stm32l476xx.o(.text)
    TSC_IRQHandler                           0x080001d7   Thumb Code     0  startup_stm32l476xx.o(.text)
    UART4_IRQHandler                         0x080001d7   Thumb Code     0  startup_stm32l476xx.o(.text)
    UART5_IRQHandler                         0x080001d7   Thumb Code     0  startup_stm32l476xx.o(.text)
    USART1_IRQHandler                        0x080001d7   Thumb Code     0  startup_stm32l476xx.o(.text)
    USART2_IRQHandler                        0x080001d7   Thumb Code     0  startup_stm32l476xx.o(.text)
    USART3_IRQHandler                        0x080001d7   Thumb Code     0  startup_stm32l476xx.o(.text)
    WWDG_IRQHandler                          0x080001d7   Thumb Code     0  startup_stm32l476xx.o(.text)
    __user_initial_stackheap                 0x080001d9   Thumb Code     0  startup_stm32l476xx.o(.text)
    __use_two_region_memory                  0x0800020d   Thumb Code     2  heapauxi.o(.text)
    __rt_heap_escrow$2region                 0x0800020f   Thumb Code     2  heapauxi.o(.text)
    __rt_heap_expand$2region                 0x08000211   Thumb Code     2  heapauxi.o(.text)
    System_Clock_Init                        0x08000215   Thumb Code   466  sysclock.o(.text.System_Clock_Init)
    UART2_GPIO_Init                          0x080003e9   Thumb Code   102  uart.o(.text.UART2_GPIO_Init)
    UART2_Init                               0x08000451   Thumb Code    60  uart.o(.text.UART2_Init)
    USART2_Write                             0x0800048d   Thumb Code    28  uart.o(.text.USART2_Write)
    USART_Delay                              0x080004a9   Thumb Code    50  uart.o(.text.USART_Delay)
    USART_Init                               0x080004dd   Thumb Code   240  uart.o(.text.USART_Init)
    USART_Write                              0x080005cd   Thumb Code   100  uart.o(.text.USART_Write)
    floor_1                                  0x08000631   Thumb Code   152  floor1.o(Floor1)
    floor_2                                  0x080006c9   Thumb Code   128  floor2.o(Floor2)
    floor_3                                  0x08000749   Thumb Code   128  floor3.o(Floor3)
    floor_4                                  0x080007c9   Thumb Code   152  floor4.o(Floor4)
    floors                                   0x08000861   Thumb Code    58  floors.o(Floors)
    parser                                   0x0800089d   Thumb Code   112  parse.o(Parse)
    door_close                               0x08000915   Thumb Code   254  doorclose.o(doorClose)
    door_open                                0x08000a1d   Thumb Code   254  dooropen.o(doorOpen)
    hex_update                               0x08000b25   Thumb Code   182  hexupdate.o(hexUpdate)
    keypad_scan                              0x08000be5   Thumb Code   592  keypadscan.o(keypadScan)
    light_update                             0x08000e3d   Thumb Code    92  lightupdate.o(lightUpdate)
    __main                                   0x08000e9d   Thumb Code   434  main.o(main)
    motor_down                               0x08001061   Thumb Code   218  motordown.o(motorDown)
    motor_up                                 0x08001141   Thumb Code   218  motorup.o(motorUp)
    Image$$ER_IROM1$$RO$$Limit               0x08001220   Number         0  anon$$obj.o ABSOLUTE
    Image$$ER_IROM1$$RW$$Base                0x08001220   Number         0  anon$$obj.o ABSOLUTE
    Image$$ER_IROM1$$RW$$Limit               0x08001220   Number         0  anon$$obj.o ABSOLUTE
    Image$$ER_IROM1$$ZI$$Base                0x08001220   Number         0  anon$$obj.o ABSOLUTE
    Image$$ER_IROM1$$ZI$$Limit               0x08001220   Number         0  anon$$obj.o ABSOLUTE
    Load$$RW_IRAM1$$Base                     0x08001220   Number         0  anon$$obj.o ABSOLUTE
    Image$$RW_IRAM1$$Base                    0x20000000   Number         0  anon$$obj.o ABSOLUTE
    Image$$RW_IRAM1$$Limit                   0x20000000   Number         0  anon$$obj.o ABSOLUTE
    Image$$RW_IRAM1$$RO$$Base                0x20000000   Number         0  anon$$obj.o ABSOLUTE
    Image$$RW_IRAM1$$RW$$Base                0x20000000   Number         0  anon$$obj.o ABSOLUTE
    Image$$RW_IRAM1$$RW$$Limit               0x20000000   Number         0  anon$$obj.o ABSOLUTE
    Image$$RW_IRAM1$$ZI$$Base                0x20000000   Number         0  anon$$obj.o ABSOLUTE
    Image$$RW_IRAM1$$ZI$$Limit               0x20000600   Number         0  anon$$obj.o ABSOLUTE



==============================================================================

Memory Map of the image

  Image entry point : Not specified.

  Load Region LR_IROM1 (Base: 0x08000000, Size: 0x00001220, Max: 0x00100000, ABSOLUTE)

    Execution Region ER_IROM1 (Exec base: 0x08000000, Load base: 0x08000000, Size: 0x00001220, Max: 0x00100000, ABSOLUTE)

    Exec Addr    Load Addr    Size         Type   Attr      Idx    E Section Name        Object

    0x08000000   0x08000000   0x00000188   Data   RO           13    RESET               startup_stm32l476xx.o
    0x08000188   0x08000188   0x00000084   Code   RO           14    .text               startup_stm32l476xx.o
    0x0800020c   0x0800020c   0x00000006   Code   RO          136    .text               c_w.l(heapauxi.o)
    0x08000212   0x08000212   0x00000002   PAD
    0x08000214   0x08000214   0x000001d2   Code   RO           20    .text.System_Clock_Init  sysclock.o
    0x080003e6   0x080003e6   0x00000002   PAD
    0x080003e8   0x080003e8   0x00000066   Code   RO           36    .text.UART2_GPIO_Init  uart.o
    0x0800044e   0x0800044e   0x00000002   PAD
    0x08000450   0x08000450   0x0000003c   Code   RO           34    .text.UART2_Init    uart.o
    0x0800048c   0x0800048c   0x0000001c   Code   RO           46    .text.USART2_Write  uart.o
    0x080004a8   0x080004a8   0x00000032   Code   RO           44    .text.USART_Delay   uart.o
    0x080004da   0x080004da   0x00000002   PAD
    0x080004dc   0x080004dc   0x000000f0   Code   RO           38    .text.USART_Init    uart.o
    0x080005cc   0x080005cc   0x00000064   Code   RO           42    .text.USART_Write   uart.o
    0x08000630   0x08000630   0x00000098   Code   RO          100  * Floor1              floor1.o
    0x080006c8   0x080006c8   0x00000080   Code   RO           94  * Floor2              floor2.o
    0x08000748   0x08000748   0x00000080   Code   RO           88  * Floor3              floor3.o
    0x080007c8   0x080007c8   0x00000098   Code   RO           82  * Floor4              floor4.o
    0x08000860   0x08000860   0x0000003a   Code   RO           76  * Floors              floors.o
    0x0800089a   0x0800089a   0x00000002   PAD
    0x0800089c   0x0800089c   0x00000078   Code   RO           70  * Parse               parse.o
    0x08000914   0x08000914   0x00000108   Code   RO          130  * doorClose           doorclose.o
    0x08000a1c   0x08000a1c   0x00000108   Code   RO          124  * doorOpen            dooropen.o
    0x08000b24   0x08000b24   0x000000c0   Code   RO           58  * hexUpdate           hexupdate.o
    0x08000be4   0x08000be4   0x00000258   Code   RO          118  * keypadScan          keypadscan.o
    0x08000e3c   0x08000e3c   0x00000060   Code   RO           64  * lightUpdate         lightupdate.o
    0x08000e9c   0x08000e9c   0x000001c4   Code   RO            4  * main                main.o
    0x08001060   0x08001060   0x000000e0   Code   RO          112  * motorDown           motordown.o
    0x08001140   0x08001140   0x000000e0   Code   RO          106  * motorUp             motorup.o


    Execution Region RW_IRAM1 (Exec base: 0x20000000, Load base: 0x08001220, Size: 0x00000600, Max: 0x00018000, ABSOLUTE)

    Exec Addr    Load Addr    Size         Type   Attr      Idx    E Section Name        Object

    0x20000000        -       0x00000200   Zero   RW           12    HEAP                startup_stm32l476xx.o
    0x20000200        -       0x00000400   Zero   RW           11    STACK               startup_stm32l476xx.o


==============================================================================

Image component sizes


      Code (inc. data)   RO Data    RW Data    ZI Data      Debug   Object Name

       264         10          0          0          0        432   doorclose.o
       264         10          0          0          0        428   dooropen.o
       152          0          0          0          0        384   floor1.o
       128          0          0          0          0        380   floor2.o
       128          0          0          0          0        380   floor3.o
       152          0          0          0          0        384   floor4.o
        58          0          0          0          0        348   floors.o
       192         10          0          0          0        412   hexupdate.o
       600          8          0          0          0        556   keypadscan.o
        96          4          0          0          0        384   lightupdate.o
       452         18          0          0          0        516   main.o
       224          6          0          0          0        416   motordown.o
       224          6          0          0          0        412   motorup.o
       120          8          0          0          0        376   parse.o
       132         42        392          0       1536        828   startup_stm32l476xx.o
       466          0          0          0          0       2191   sysclock.o
       580          0          0          0          0       6906   uart.o

    ----------------------------------------------------------------------
      4240        122        392          0       1536      15733   Object Totals
         0          0          0          0          0          0   (incl. Generated)
         8          0          0          0          0          0   (incl. Padding)

    ----------------------------------------------------------------------

      Code (inc. data)   RO Data    RW Data    ZI Data      Debug   Library Member Name

         6          0          0          0          0        152   heapauxi.o

    ----------------------------------------------------------------------
         8          0          0          0          0        152   Library Totals
         2          0          0          0          0          0   (incl. Padding)

    ----------------------------------------------------------------------

      Code (inc. data)   RO Data    RW Data    ZI Data      Debug   Library Name

         6          0          0          0          0        152   c_w.l

    ----------------------------------------------------------------------
         8          0          0          0          0        152   Library Totals

    ----------------------------------------------------------------------

==============================================================================


      Code (inc. data)   RO Data    RW Data    ZI Data      Debug   

      4248        122        392          0       1536      14465   Grand Totals
      4248        122        392          0       1536      14465   ELF Image Totals
      4248        122        392          0          0          0   ROM Totals

==============================================================================

    Total RO  Size (Code + RO Data)                 4640 (   4.53kB)
    Total RW  Size (RW Data + ZI Data)              1536 (   1.50kB)
    Total ROM Size (Code + RO Data + RW Data)       4640 (   4.53kB)

==============================================================================

